2026/10/01 08:43:51| Processing Configuration File: /etc/squid/squid.conf (depth 0)
2026/10/01 08:43:51| ERROR: 'pinger_enable' requires --enable-icmp
2026/10/01 08:43:51| WARNING: HTTP requires the use of Via
2026/10/01 08:43:51| Created PID file (/var/run/squid/squid.pid)
2026/10/01 08:43:51| Current Directory is /
2026/10/01 08:43:51| Starting Squid Cache version 7.6-VCS for x86_64-alpine-linux-musl...
2026/10/01 08:43:51| Service Name: squid
2026/10/01 08:43:51| Process ID 1
2026/10/01 08:43:51| Process Roles: master worker
2026/10/01 08:43:51| With 65536 file descriptors available
2026/10/01 08:43:51| Initializing IP Cache...
2026/10/01 08:43:51| DNS IPv6 socket created at [::], FD 10
2026/10/01 08:43:51| DNS IPv4 socket created at 0.0.0.0, FD 11
2026/10/01 08:43:51| Adding nameserver 168.63.129.16 from squid.conf
2026/10/01 08:43:52| Processing Configuration File: /etc/squid/squid.conf (depth 0)
2026/10/01 08:43:52| ERROR: 'pinger_enable' requires --enable-icmp
2026/10/01 08:43:52| WARNING: HTTP requires the use of Via
2026/10/01 08:43:52| Created PID file (/var/run/squid/squid.pid)
2026/10/01 08:43:52| Current Directory is /
2026/10/01 08:43:52| Starting Squid Cache version 7.6-VCS for x86_64-alpine-linux-musl...
2026/10/01 08:43:52| Service Name: squid
2026/10/01 08:43:52| Process ID 1
2026/10/01 08:43:52| Process Roles: master worker
2026/10/01 08:43:52| With 65536 file descriptors available
2026/10/01 08:43:52| Initializing IP Cache...
2026/10/01 08:43:52| DNS IPv6 socket created at [::], FD 10
2026/10/01 08:43:52| DNS IPv4 socket created at 0.0.0.0, FD 11
2026/10/01 08:43:52| Adding nameserver 168.63.129.16 from squid.conf
2026/10/01 08:43:52| Logfile: opening log /var/log/squid/access.log
2026/10/01 08:43:52| WARNING: log name now starts with a module name. Use 'stdio:/var/log/squid/access.log'
2026/10/01 08:43:52| Logfile: opening log /var/log/squid/audit.jsonl
2026/10/01 08:43:52| WARNING: log name now starts with a module name. Use 'stdio:/var/log/squid/audit.jsonl'
2026/10/01 08:43:52| Local cache digest enabled; rebuild/rewrite every 3600/3600 sec
2026/10/01 08:43:52| Store logging disabled
2026/10/01 08:43:52| Swap maxSize 0 + 65536 KB, estimated 5041 objects
2026/10/01 08:43:52| Target number of buckets: 252
2026/10/01 08:43:52| Using 8192 Store buckets
2026/10/01 08:43:52| Max Mem  size: 65536 KB
2026/10/01 08:43:52| Max Swap size: 0 KB
2026/10/01 08:43:52| Using Least Load store dir selection
2026/10/01 08:43:52| Current Directory is /
2026/10/01 08:43:52| Finished loading MIME types and icons.
2026/10/01 08:43:52| HTCP Disabled.
2026/10/01 08:43:52| Squid plugin modules loaded: 0
2026/10/01 08:43:52| Adaptation support is off.
2026/10/01 08:43:52| Accepting SSL bumped HTTP Socket connections at conn3 local=[::]:3128 remote=[::] FD 14 flags=9
    listening port: 3128
2026/10/01 08:43:52| Accepting SSL bumped HTTP Socket connections at conn5 local=[::]:3128 remote=[::] FD 15 flags=9
    listening port: [::]:3128
2026/10/01 08:43:52| ERROR: listen(..., 16384) system call failed: (98) Address in use
    listening port: [::]:3128
2026/10/01 08:43:53| storeLateRelease: released 0 objects
2026/10/01 08:51:49| Preparing for shutdown after 88 requests
2026/10/01 08:51:49| Waiting 0 seconds for active connections to finish
2026/10/01 08:51:49| Closing HTTP(S) port [::]:3128
    listening port: 3128
2026/10/01 08:51:49| Closing HTTP(S) port [::]:3128
    listening port: [::]:3128
2026/10/01 08:51:50| Shutdown: Negotiate authentication.
2026/10/01 08:51:50| Shutdown: Digest authentication.
2026/10/01 08:51:50| Shutdown: Basic authentication.
