2026/10/01 09:06:30| Processing Configuration File: /etc/squid/squid.conf (depth 0)
2026/10/01 09:06:30| ERROR: 'pinger_enable' requires --enable-icmp
2026/10/01 09:06:30| WARNING: HTTP requires the use of Via
2026/10/01 09:06:30| Created PID file (/var/run/squid/squid.pid)
2026/10/01 09:06:30| Current Directory is /
2026/10/01 09:06:30| Starting Squid Cache version 7.6-VCS for x86_64-alpine-linux-musl...
2026/10/01 09:06:30| Service Name: squid
2026/10/01 09:06:30| Process ID 1
2026/10/01 09:06:30| Process Roles: master worker
2026/10/01 09:06:30| With 65536 file descriptors available
2026/10/01 09:06:30| Initializing IP Cache...
2026/10/01 09:06:30| DNS IPv6 socket created at [::], FD 10
2026/10/01 09:06:30| DNS IPv4 socket created at 0.0.0.0, FD 11
2026/10/01 09:06:30| Adding nameserver 168.63.129.16 from squid.conf
2026/10/01 09:06:30| Logfile: opening log /var/log/squid/access.log
2026/10/01 09:06:30| WARNING: log name now starts with a module name. Use 'stdio:/var/log/squid/access.log'
2026/10/01 09:06:30| Logfile: opening log /var/log/squid/audit.jsonl
2026/10/01 09:06:30| WARNING: log name now starts with a module name. Use 'stdio:/var/log/squid/audit.jsonl'
2026/10/01 09:06:30| Local cache digest enabled; rebuild/rewrite every 3600/3600 sec
2026/10/01 09:06:30| Store logging disabled
2026/10/01 09:06:30| Swap maxSize 0 + 65536 KB, estimated 5041 objects
2026/10/01 09:06:30| Target number of buckets: 252
2026/10/01 09:06:30| Using 8192 Store buckets
2026/10/01 09:06:30| Max Mem  size: 65536 KB
2026/10/01 09:06:30| Max Swap size: 0 KB
2026/10/01 09:06:30| Using Least Load store dir selection
2026/10/01 09:06:30| Current Directory is /
2026/10/01 09:06:31| Finished loading MIME types and icons.
2026/10/01 09:06:31| HTCP Disabled.
2026/10/01 09:06:31| Squid plugin modules loaded: 0
2026/10/01 09:06:31| Adaptation support is off.
2026/10/01 09:06:31| Accepting SSL bumped HTTP Socket connections at conn3 local=[::]:3128 remote=[::] FD 14 flags=9
    listening port: 3128
2026/10/01 09:06:31| Accepting SSL bumped HTTP Socket connections at conn5 local=[::]:3128 remote=[::] FD 15 flags=9
    listening port: [::]:3128
2026/10/01 09:06:31| ERROR: listen(..., 16384) system call failed: (98) Address in use
    listening port: [::]:3128
2026/10/01 09:06:31| storeLateRelease: released 0 objects
2026/10/01 09:25:30| Preparing for shutdown after 249 requests
2026/10/01 09:25:30| Waiting 0 seconds for active connections to finish
2026/10/01 09:25:30| Closing HTTP(S) port [::]:3128
    listening port: 3128
2026/10/01 09:25:30| Closing HTTP(S) port [::]:3128
    listening port: [::]:3128
2026/10/01 09:25:31| Shutdown: Negotiate authentication.
2026/10/01 09:25:31| Shutdown: Digest authentication.
2026/10/01 09:25:31| Shutdown: Basic authentication.
